#
# There is insufficient memory for the Java Runtime Environment to continue.
# Native memory allocation (mmap) failed to map 29360128 bytes. Error detail: G1 virtual space
# Possible reasons:
#   The system is out of physical RAM or swap space
#   This process is running with CompressedOops enabled, and the Java Heap may be blocking the growth of the native heap
# Possible solutions:
#   Reduce memory load on the system
#   Increase physical memory or swap space
#   Check if swap backing store is full
#   Decrease Java heap size (-Xmx/-Xms)
#   Decrease number of Java threads
#   Decrease Java thread stack sizes (-Xss)
#   Set larger code cache with -XX:ReservedCodeCacheSize=
#   JVM is running with Zero Based Compressed Oops mode in which the Java heap is
#     placed in the first 32GB address space. The Java Heap base address is the
#     maximum limit for the native heap growth. Please use -XX:HeapBaseMinAddress
#     to set the Java Heap base and to place the Java Heap above 32GB virtual address.
# This output file may be truncated or incomplete.
#
#  Out of Memory Error (os_windows.cpp:3583), pid=25044, tid=860
#
# JRE version: Java(TM) SE Runtime Environment (26.0+35) (build 26+35-2893)
# Java VM: Java HotSpot(TM) 64-Bit Server VM (26+35-2893, mixed mode, sharing, tiered, compressed oops, compressed class ptrs, g1 gc, windows-amd64)
# No core dump will be written. Minidumps are not enabled by default on client versions of Windows
#

---------------  S U M M A R Y ------------

Command Line: -Dfile.encoding=UTF-8 ui.InterfaceGraphique3

Host: 13th Gen Intel(R) Core(TM) i5-1335U, 12 cores, 15G,  Windows 11 , 64 bit Build 26100 (10.0.26100.8521)
Time: Fri May 29 08:06:02 2026 Greenwich elapsed time: 1.342579 seconds (0d 0h 0m 1s)

---------------  T H R E A D  ---------------

Current thread (0x000001c99e7efc80):  VMThread "VM Thread"          [id=860, stack(0x0000004ae8700000,0x0000004ae8800000) (1024K)]

Stack: [0x0000004ae8700000,0x0000004ae8800000]
Native frames: (J=compiled Java code, j=interpreted, Vv=VM code, C=native code)
V  [jvm.dll+0x7d5719]  (no source info available)
V  [jvm.dll+0x7a367d]  (no source info available)
V  [jvm.dll+0x9b0aa0]  (no source info available)
V  [jvm.dll+0x9b2ef1]  (no source info available)
V  [jvm.dll+0x9b3603]  (no source info available)
V  [jvm.dll+0x30de86]  (no source info available)
V  [jvm.dll+0x7d4be5]  (no source info available)
V  [jvm.dll+0x7c7da7]  (no source info available)
V  [jvm.dll+0x4086f8]  (no source info available)
V  [jvm.dll+0x410a66]  (no source info available)
V  [jvm.dll+0x3fce04]  (no source info available)
V  [jvm.dll+0x3fd0f5]  (no source info available)
V  [jvm.dll+0x3d3a7f]  (no source info available)
V  [jvm.dll+0x3d6cec]  (no source info available)
V  [jvm.dll+0x4222fc]  (no source info available)
V  [jvm.dll+0x420c43]  (no source info available)
V  [jvm.dll+0x3d3218]  (no source info available)
V  [jvm.dll+0x420003]  (no source info available)
V  [jvm.dll+0x9b9ab1]  (no source info available)
V  [jvm.dll+0x9baa7b]  (no source info available)
V  [jvm.dll+0x9baf8c]  (no source info available)
V  [jvm.dll+0x9bb409]  (no source info available)
V  [jvm.dll+0x9bb6b3]  (no source info available)
V  [jvm.dll+0x94f4e9]  (no source info available)
V  [jvm.dll+0x7d71f8]  (no source info available)
C  [ucrtbase.dll+0x2cd30]  (no source info available)
C  [KERNEL32.DLL+0x2e957]  (no source info available)
C  [ntdll.dll+0x87c1c]  (no source info available)

VM_Operation (0x0000004ae7ffdfd8): G1CollectForAllocation, mode: safepoint, requested by thread 0x000001c9fbe99e00


---------------  P R O C E S S  ---------------

Threads class SMR info:
_java_thread_list=0x000001c99e903780, length=13, elements={
0x000001c9fbe99e00, 0x000001c99e801450, 0x000001c99e801ea0, 0x000001c99e808500,
0x000001c99e80acb0, 0x000001c99e80b480, 0x000001c99e80bc50, 0x000001c99e81a350,
0x000001c99e822250, 0x000001c99e80f300, 0x000001c99e811240, 0x000001c99e9a6eb0,
0x000001c99e90b4e0
}

Java Threads: ( => current thread )
  0x000001c9fbe99e00 JavaThread "main"                              [_thread_blocked, id=22436, stack(0x0000004ae7f00000,0x0000004ae8000000) (1024K)]
  0x000001c99e801450 JavaThread "Reference Handler"          daemon [_thread_blocked, id=14344, stack(0x0000004ae8800000,0x0000004ae8900000) (1024K)]
  0x000001c99e801ea0 JavaThread "Finalizer"                  daemon [_thread_blocked, id=18184, stack(0x0000004ae8900000,0x0000004ae8a00000) (1024K)]
  0x000001c99e808500 JavaThread "Signal Dispatcher"          daemon [_thread_blocked, id=24800, stack(0x0000004ae8a00000,0x0000004ae8b00000) (1024K)]
  0x000001c99e80acb0 JavaThread "Attach Listener"            daemon [_thread_blocked, id=24928, stack(0x0000004ae8b00000,0x0000004ae8c00000) (1024K)]
  0x000001c99e80b480 JavaThread "Service Thread"             daemon [_thread_blocked, id=25672, stack(0x0000004ae8c00000,0x0000004ae8d00000) (1024K)]
  0x000001c99e80bc50 JavaThread "Monitor Deflation Thread"   daemon [_thread_blocked, id=25468, stack(0x0000004ae8d00000,0x0000004ae8e00000) (1024K)]
  0x000001c99e81a350 JavaThread "C2 CompilerThread0"         daemon [_thread_blocked, id=24140, stack(0x0000004ae8e00000,0x0000004ae8f00000) (1024K)]
  0x000001c99e822250 JavaThread "C1 CompilerThread0"         daemon [_thread_blocked, id=7252, stack(0x0000004ae8f00000,0x0000004ae9000000) (1024K)]
  0x000001c99e80f300 JavaThread "Notification Thread"        daemon [_thread_blocked, id=24836, stack(0x0000004ae9000000,0x0000004ae9100000) (1024K)]
  0x000001c99e811240 JavaThread "Common-Cleaner"             daemon [_thread_blocked, id=15260, stack(0x0000004ae9100000,0x0000004ae9200000) (1024K)]
  0x000001c99e9a6eb0 JavaThread "C2 CompilerThread1"         daemon [_thread_blocked, id=16432, stack(0x0000004ae9200000,0x0000004ae9300000) (1024K)]
  0x000001c99e90b4e0 JavaThread "C2 CompilerThread2"         daemon [_thread_blocked, id=6436, stack(0x0000004ae9600000,0x0000004ae9700000) (1024K)]
Total: 13

Other Threads:
=>0x000001c99e7efc80 VMThread "VM Thread"                           [id=860, stack(0x0000004ae8700000,0x0000004ae8800000) (1024K)]
  0x000001c99e6af3a0 WatcherThread "VM Periodic Task Thread"        [id=23384, stack(0x0000004ae8600000,0x0000004ae8700000) (1024K)]
  0x000001c9fe4066b0 WorkerThread "GC Thread#0"                     [id=13792, stack(0x0000004ae8000000,0x0000004ae8100000) (1024K)]
  0x000001c99e9da980 WorkerThread "GC Thread#1"                     [id=24792, stack(0x0000004ae9300000,0x0000004ae9400000) (1024K)]
  0x000001c9fe41efb0 ConcurrentGCThread "G1 Main Marker"            [id=24148, stack(0x0000004ae8100000,0x0000004ae8200000) (1024K)]
  0x000001c9fe4211c0 WorkerThread "G1 Conc#0"                       [id=26296, stack(0x0000004ae8200000,0x0000004ae8300000) (1024K)]
  0x000001c99ea029e0 WorkerThread "G1 Conc#1"                       [id=15612, stack(0x0000004ae9400000,0x0000004ae9500000) (1024K)]
  0x000001c99ea129e0 WorkerThread "G1 Conc#2"                       [id=23936, stack(0x0000004ae9500000,0x0000004ae9600000) (1024K)]
  0x000001c9fe46e220 WorkerThread "G1 Refinement Workers#0"         [id=15780, stack(0x0000004ae8400000,0x0000004ae8500000) (1024K)]
  0x000001c9fe46b850 ConcurrentGCThread "G1 Refine Control"         [id=24512, stack(0x0000004ae8300000,0x0000004ae8400000) (1024K)]
  0x000001c99e6a3410 ConcurrentGCThread "G1 Service"                [id=24420, stack(0x0000004ae8500000,0x0000004ae8600000) (1024K)]
Total: 11

Threads with active compile tasks:
C1 CompilerThread0  1404  209       1       java.lang.Integer::intValue (5 bytes)
Total: 1

VM state: at safepoint (normal execution)

VM Mutex/Monitor currently owned by a thread:  ([mutex/lock_event])
[0x00007ff8315ced08] Threads_lock - owner thread: 0x000001c99e7efc80
[0x00007ff8315cef88] Heap_lock - owner thread: 0x000001c9fbe99e00

Heap address: 0x0000000705800000, size: 4008 MB, Compressed Oops mode: Zero based, Oop shift amount: 3

CDS archive(s) mapped at: [0x000000000d000000-0x000000000dde0000-0x000000000dde0000), size 14548992, SharedBaseAddress: 0x000000000d000000, ArchiveRelocationMode: 1.
Compressed class space mapped at: 0x000000000e000000-0x000000004e000000, reserved size: 1073741824
UseCompressedClassPointers 1, UseCompactObjectHeaders 0
Narrow klass pointer bits 32, Max shift 3
Narrow klass base: 0x000000000d000000, Narrow klass shift: 0
Encoding Range: [0x000000000d000000 - 0x000000010d000000), (4294967296 bytes)
Klass Range:    [0x000000000d000000 - 0x000000004e000000), (1090519040 bytes)
Klass ID Range:  [8 - 1090519033) (1090519025)
Protection zone: [0x000000000d000000 - 0x000000000d010000), (65536 bytes)

GC Precious Log:
 CardTable entry size: 512
 Card Set container configuration: InlinePtr #cards 4 size 8 Array Of Cards #cards 16 size 48 Howl #buckets 8 coarsen threshold 3686 Howl Bitmap #cards 512 size 80 coarsen threshold 460 Card regions per heap region 1 cards per card region 4096
 CPUs: 12 total, 12 available
 Memory: 16024M
 Large Page Support: Disabled
 NUMA Support: Disabled
 Compressed Oops: Enabled (Zero based)
 Heap Region Size: 2M
 Heap Min Capacity: 8M
 Heap Initial Capacity: 8M
 Heap Max Capacity: 4008M
 Pre-touch: Disabled
 Parallel Workers: 10
 Concurrent Workers: 3
 Concurrent Refinement Workers: 10
 Periodic GC: Disabled

Heap:
 garbage-first heap   total reserved 4104192K, committed 14336K, used 6814K [0x0000000705800000, 0x0000000800000000)
  region size 2M, 0 eden (0M), 1 survivor (2M), 2 old (4M), 1 humongous (2M), 3 free (6M)

Heap Regions: E=young(eden), S=young(survivor), O=old, HS=humongous(starts), HC=humongous(continues), CS=collection set, F=free, TAMS=top-at-mark-start, PB=parsable bottom
|    0|0x0000000705800000, 0x0000000705a00000, 0x0000000705a00000|100%|HS|  |TAMS 0x0000000705800000| PB 0x0000000705800000| Complete  |  0
|    1|0x0000000705a00000, 0x0000000705c00000, 0x0000000705c00000|100%| O|  |TAMS 0x0000000705a00000| PB 0x0000000705a00000| Untracked |  0
|    2|0x0000000705c00000, 0x0000000705cb4630, 0x0000000705e00000| 35%| S|CS|TAMS 0x0000000705c00000| PB 0x0000000705c00000| Complete  |  0
|    3|0x0000000705e00000, 0x0000000705e00000, 0x0000000706000000|  0%| F|  |TAMS 0x0000000705e00000| PB 0x0000000705e00000| Untracked |  0
|    4|0x0000000706000000, 0x0000000706000000, 0x0000000706200000|  0%| F|  |TAMS 0x0000000706000000| PB 0x0000000706000000| Untracked |  0
| 2002|0x00000007ffc00000, 0x00000007ffdf3408, 0x00000007ffe00000| 97%| O|  |TAMS 0x00000007ffc00000| PB 0x00000007ffc00000| Untracked |  0
| 2003|0x00000007ffe00000, 0x00000007ffe00000, 0x0000000800000000|  0%| F|  |TAMS 0x00000007ffe00000| PB 0x00000007ffe00000| Untracked |  0

Card table byte_map: [0x000001c997be0000,0x000001c9983c0000] _byte_map_base: 0x000001c9943b4000
Refinement table byte_map: [0x000001c9ff1a0000,0x000001c9ff980000] _byte_map_base: 0x000001c9fb974000

Marking Bits: (CMBitMap*) 0x000001c9fe406e30
 Bits: [0x000001c9983c0000, 0x000001c99c260000)

Polling page: 0x000001c9fc1a0000

Metaspace:
Metaspace        used 269K, committed 384K, reserved 1114112K
 class space     used 4K, committed 64K, reserved 1048576K

Usage:
  Non-class:    265.04 KB used.
      Class:      4.30 KB used.
       Both:    269.34 KB used.

Virtual space:
  Non-class space:       64.00 MB reserved,     320.00 KB ( <1%) committed,  1 nodes.
      Class space:        1.00 GB reserved,      64.00 KB ( <1%) committed,  1 nodes.
             Both:        1.06 GB reserved,     384.00 KB ( <1%) committed. 

Chunk freelists:
   Non-Class:  12.00 MB
       Class:  15.75 MB
        Both:  27.75 MB

MaxMetaspaceSize: unlimited
CompressedClassSpaceSize: 1.00 GB
Initial GC threshold: 21.00 MB
Current GC threshold: 21.00 MB
CDS: on
 - commit_granule_bytes: 65536.
 - commit_granule_words: 8192.
 - virtual_space_node_default_size: 8388608.
 - enlarge_chunks_in_place: 1.
UseCompressedClassPointers 1, UseCompactObjectHeaders 0
Narrow klass pointer bits 32, Max shift 3
Narrow klass base: 0x000000000d000000, Narrow klass shift: 0
Encoding Range: [0x000000000d000000 - 0x000000010d000000), (4294967296 bytes)
Klass Range:    [0x000000000d000000 - 0x000000004e000000), (1090519040 bytes)
Klass ID Range:  [8 - 1090519033) (1090519025)
Protection zone: [0x000000000d000000 - 0x000000000d010000), (65536 bytes)


Internal statistics:

num_allocs_failed_limit: 0.
num_arena_births: 2.
num_arena_deaths: 0.
num_vsnodes_births: 2.
num_vsnodes_deaths: 0.
num_space_committed: 6.
num_space_uncommitted: 0.
num_chunks_returned_to_freelist: 0.
num_chunks_taken_from_freelist: 2.
num_chunk_merges: 0.
num_chunk_splits: 2.
num_chunks_enlarged: 0.
num_inconsistent_stats: 0.

CodeHeap 'non-profiled nmethods': size=120064Kb used=65Kb max_used=65Kb free=119998Kb
 bounds [0x000001c9906a0000, 0x000001c990910000, 0x000001c997be0000]
CodeHeap 'profiled nmethods': size=120000Kb used=160Kb max_used=160Kb free=119839Kb
 bounds [0x000001c988be0000, 0x000001c988e50000, 0x000001c990110000]
CodeHeap 'non-nmethods': size=5696Kb used=1262Kb max_used=1288Kb free=4433Kb
 bounds [0x000001c990110000, 0x000001c990380000, 0x000001c9906a0000]
CodeCache: size=245760Kb, used=1487Kb, max_used=1513Kb, free=244270Kb
 total_blobs=583, nmethods=209, adapters=279, full_count=0
Compilation: enabled, stopped_count=0, restarted_count=0

Compilation events (20 events):
Event: 0.222 Thread 0x000001c99e822250  200 %     3       java.util.jar.JarFile::match @ 14 (132 bytes)
Event: 0.222 Thread 0x000001c99e822250 nmethod 200% 0x000001c988c05e08 code [0x000001c988c05f00, 0x000001c988c06510]
Event: 0.222 Thread 0x000001c99e822250  201       3       java.util.jar.JarFile::match (132 bytes)
Event: 0.223 Thread 0x000001c99e822250 nmethod 201 0x000001c988c06588 code [0x000001c988c06680, 0x000001c988c06b88]
Event: 0.223 Thread 0x000001c99e822250  202       1       java.util.jar.Attributes$Name::hashCode (5 bytes)
Event: 0.223 Thread 0x000001c99e822250 nmethod 202 0x000001c9906afd88 code [0x000001c9906afe80, 0x000001c9906aff38]
Event: 0.223 Thread 0x000001c99e822250  203       3       java.util.Objects::checkFromIndexSize (8 bytes)
Event: 0.223 Thread 0x000001c99e822250 nmethod 203 0x000001c988c06c08 code [0x000001c988c06d00, 0x000001c988c06ef0]
Event: 0.223 Thread 0x000001c99e822250  206       3       java.util.jar.Manifest$FastInputStream::peek (38 bytes)
Event: 0.223 Thread 0x000001c99e822250 nmethod 206 0x000001c988c06f08 code [0x000001c988c07000, 0x000001c988c07200]
Event: 0.223 Thread 0x000001c99e822250  204  s    3       java.io.ByteArrayOutputStream::write (43 bytes)
Event: 0.224 Thread 0x000001c99e822250 nmethod 204 0x000001c988c07208 code [0x000001c988c07300, 0x000001c988c07818]
Event: 0.224 Thread 0x000001c99e822250  205       3       java.io.ByteArrayOutputStream::ensureCapacity (32 bytes)
Event: 0.224 Thread 0x000001c99e822250 nmethod 205 0x000001c988c07888 code [0x000001c988c07980, 0x000001c988c07cf8]
Event: 0.224 Thread 0x000001c99e822250  207       3       java.lang.String::<init> (86 bytes)
Event: 0.224 Thread 0x000001c99e822250 nmethod 207 0x000001c988c07d08 code [0x000001c988c07e00, 0x000001c988c08168]
Event: 0.224 Thread 0x000001c99e822250  208       1       java.util.LinkedHashMap::removeEldestEntry (2 bytes)
Event: 0.224 Thread 0x000001c99e822250 nmethod 208 0x000001c9906b0088 code [0x000001c9906b0180, 0x000001c9906b0238]
Event: 0.225 Thread 0x000001c99e822250  209       1       java.lang.Integer::intValue (5 bytes)
Event: 0.225 Thread 0x000001c99e822250 nmethod 209 0x000001c9906b0388 code [0x000001c9906b0480, 0x000001c9906b0538]

GC Heap Usage History (5 events):
Event: 0.165 {heap Before GC invocations=0 (full 0):
 garbage-first heap   total reserved 4104192K, committed 10240K, used 1187K [0x0000000705800000, 0x0000000800000000)
  region size 2M, 1 eden (2M), 0 survivor (0M), 1 old (2M), 0 humongous (0M), 3 free (6M)
}
Event: 0.168 {heap After GC invocations=1 (full 0):
 garbage-first heap   total reserved 4104192K, committed 10240K, used 2553K [0x0000000705800000, 0x0000000800000000)
  region size 2M, 0 eden (0M), 1 survivor (2M), 1 old (2M), 0 humongous (0M), 3 free (6M)
}
Event: 0.201 {heap Before GC invocations=2 (full 0):
 garbage-first heap   total reserved 4104192K, committed 10240K, used 6649K [0x0000000705800000, 0x0000000800000000)
  region size 2M, 1 eden (2M), 1 survivor (2M), 1 old (2M), 1 humongous (2M), 1 free (2M)
}
Event: 0.203 {heap After GC invocations=3 (full 0):
 garbage-first heap   total reserved 4104192K, committed 12288K, used 6045K [0x0000000705800000, 0x0000000800000000)
  region size 2M, 0 eden (0M), 1 survivor (2M), 2 old (4M), 1 humongous (2M), 2 free (4M)
}
Event: 0.225 {heap Before GC invocations=3 (full 0):
 garbage-first heap   total reserved 4104192K, committed 12288K, used 6045K [0x0000000705800000, 0x0000000800000000)
  region size 2M, 1 eden (2M), 1 survivor (2M), 2 old (4M), 1 humongous (2M), 1 free (2M)
}

Metaspace Usage History (5 events):
Event: 0.165 {metaspace Before GC invocations=0 (full 0):
 Metaspace       used 231K, committed 320K, reserved 1114112K
  class space    used 4K, committed 64K, reserved 1048576K
}
Event: 0.168 {metaspace After GC invocations=1 (full 0):
 Metaspace       used 231K, committed 320K, reserved 1114112K
  class space    used 4K, committed 64K, reserved 1048576K
}
Event: 0.201 {metaspace Before GC invocations=2 (full 0):
 Metaspace       used 248K, committed 320K, reserved 1114112K
  class space    used 4K, committed 64K, reserved 1048576K
}
Event: 0.203 {metaspace After GC invocations=3 (full 0):
 Metaspace       used 248K, committed 320K, reserved 1114112K
  class space    used 4K, committed 64K, reserved 1048576K
}
Event: 0.225 {metaspace Before GC invocations=3 (full 0):
 Metaspace       used 269K, committed 384K, reserved 1114112K
  class space    used 4K, committed 64K, reserved 1048576K
}

Dll operation events (8 events):
Event: 0.015 Attempting to load shared library C:\Program Files\Java\jdk-26\bin\java.dll
Event: 0.020 Loaded shared library C:\Program Files\Java\jdk-26\bin\java.dll
Event: 0.128 Attempting to load shared library C:\Program Files\Java\jdk-26\bin\net.dll
Event: 0.128 Loaded shared library C:\Program Files\Java\jdk-26\bin\net.dll
Event: 0.131 Attempting to load shared library C:\Program Files\Java\jdk-26\bin\nio.dll
Event: 0.132 Loaded shared library C:\Program Files\Java\jdk-26\bin\nio.dll
Event: 0.154 Attempting to load shared library C:\Program Files\Java\jdk-26\bin\zip.dll
Event: 0.154 Loaded shared library C:\Program Files\Java\jdk-26\bin\zip.dll

Deoptimization events (8 events):
Event: 0.118 Thread 0x000001c9fbe99e00 Uncommon trap: trap_request=0xffffff45 fr.pc=0x000001c9906a11b4 relative=0x00000000000000b4
Event: 0.118 Thread 0x000001c9fbe99e00 Uncommon trap: reason=unstable_if action=reinterpret pc=0x000001c9906a11b4 method=java.lang.String.isLatin1()Z @ 10 c2
Event: 0.118 Thread 0x000001c9fbe99e00 DEOPT PACKING pc=0x000001c9906a11b4 sp=0x0000004ae7ffecd0
Event: 0.119 Thread 0x000001c9fbe99e00 DEOPT UNPACKING pc=0x000001c990233582 sp=0x0000004ae7ffec10 mode 2
Event: 0.179 Thread 0x000001c9fbe99e00 Uncommon trap: trap_request=0xffffff45 fr.pc=0x000001c9906a9c24 relative=0x0000000000000a24
Event: 0.179 Thread 0x000001c9fbe99e00 Uncommon trap: reason=unstable_if action=reinterpret pc=0x000001c9906a9c24 method=java.util.zip.ZipFile$Source.checkAndAddEntry(IILjava/util/zip/ZipCoder;)I @ 159 c2
Event: 0.179 Thread 0x000001c9fbe99e00 DEOPT PACKING pc=0x000001c9906a9c24 sp=0x0000004ae7ffddc0
Event: 0.179 Thread 0x000001c9fbe99e00 DEOPT UNPACKING pc=0x000001c990233582 sp=0x0000004ae7ffdd40 mode 2

Classes loaded (4 events):
Event: 0.119 Loading class jdk/internal/loader/URLClassPath$FileLoader
Event: 0.119 Loading class jdk/internal/loader/URLClassPath$FileLoader done
Event: 0.119 Loading class sun/nio/cs/UTF_8$Decoder
Event: 0.120 Loading class sun/nio/cs/UTF_8$Decoder done

Classes unloaded (0 events):
No events

Classes redefined (0 events):
No events

Internal exceptions (0 events):
No events

VM Operations (9 events):
Event: 0.165 Executing safepoint VM operation: G1TryInitiateConcMark (G1 Humongous Allocation)
Event: 0.168 Executing safepoint VM operation: G1TryInitiateConcMark (G1 Humongous Allocation) done
Event: 0.171 Executing safepoint VM operation: G1PauseRemark
Event: 0.172 Executing safepoint VM operation: G1PauseRemark done
Event: 0.173 Executing safepoint VM operation: G1PauseCleanup
Event: 0.173 Executing safepoint VM operation: G1PauseCleanup done
Event: 0.201 Executing safepoint VM operation: G1CollectForAllocation (G1 Evacuation Pause)
Event: 0.203 Executing safepoint VM operation: G1CollectForAllocation (G1 Evacuation Pause) done
Event: 0.225 Executing safepoint VM operation: G1CollectForAllocation (G1 Evacuation Pause)

Memory protections (0 events):
No events

Nmethod flushes (0 events):
No events

Events (13 events):
Event: 0.045 Thread 0x000001c9fbe99e00 Thread added: 0x000001c9fbe99e00
Event: 0.070 Thread 0x000001c9fbe99e00 Thread added: 0x000001c99e801450
Event: 0.070 Thread 0x000001c9fbe99e00 Thread added: 0x000001c99e801ea0
Event: 0.071 Thread 0x000001c9fbe99e00 Thread added: 0x000001c99e808500
Event: 0.071 Thread 0x000001c9fbe99e00 Thread added: 0x000001c99e80acb0
Event: 0.071 Thread 0x000001c9fbe99e00 Thread added: 0x000001c99e80b480
Event: 0.071 Thread 0x000001c9fbe99e00 Thread added: 0x000001c99e80bc50
Event: 0.072 Thread 0x000001c9fbe99e00 Thread added: 0x000001c99e81a350
Event: 0.072 Thread 0x000001c9fbe99e00 Thread added: 0x000001c99e822250
Event: 0.117 Thread 0x000001c9fbe99e00 Thread added: 0x000001c99e80f300
Event: 0.124 Thread 0x000001c9fbe99e00 Thread added: 0x000001c99e811240
Event: 0.145 Thread 0x000001c99e822250 Thread added: 0x000001c99e9a6eb0
Event: 0.181 Thread 0x000001c99e81a350 Thread added: 0x000001c99e90b4e0


Dynamic libraries:
0x00007ff6bbb80000 - 0x00007ff6bbb90000 	C:\Program Files\Java\jdk-26\bin\javaw.exe
0x00007ff8fec80000 - 0x00007ff8feee6000 	C:\WINDOWS\SYSTEM32\ntdll.dll
0x00007ff8fd5a0000 - 0x00007ff8fd669000 	C:\WINDOWS\System32\KERNEL32.DLL
0x00007ff8fc090000 - 0x00007ff8fc48a000 	C:\WINDOWS\System32\KERNELBASE.dll
0x00007ff8fc4c0000 - 0x00007ff8fc60c000 	C:\WINDOWS\System32\ucrtbase.dll
0x00007ff8f3da0000 - 0x00007ff8f3dbe000 	C:\Program Files\Java\jdk-26\bin\VCRUNTIME140.dll
0x00007ff8f6140000 - 0x00007ff8f6157000 	C:\Program Files\Java\jdk-26\bin\jli.dll
0x00007ff8fd040000 - 0x00007ff8fd207000 	C:\WINDOWS\System32\USER32.dll
0x00007ff8d93a0000 - 0x00007ff8d9632000 	C:\WINDOWS\WinSxS\amd64_microsoft.windows.common-controls_6595b64144ccf1df_6.0.26100.8521_none_3e08b75ce33403b3\COMCTL32.dll
0x00007ff8fc490000 - 0x00007ff8fc4b7000 	C:\WINDOWS\System32\win32u.dll
0x00007ff8fe6c0000 - 0x00007ff8fe769000 	C:\WINDOWS\System32\msvcrt.dll
0x00007ff8fcc50000 - 0x00007ff8fcc7b000 	C:\WINDOWS\System32\GDI32.dll
0x00007ff8fc6d0000 - 0x00007ff8fc7fb000 	C:\WINDOWS\System32\gdi32full.dll
0x00007ff8fc8b0000 - 0x00007ff8fc953000 	C:\WINDOWS\System32\msvcp_win.dll
0x00007ff8fe770000 - 0x00007ff8fe7a2000 	C:\WINDOWS\System32\IMM32.DLL
0x00007ff8f60f0000 - 0x00007ff8f60fc000 	C:\Program Files\Java\jdk-26\bin\vcruntime140_1.dll
0x00007ff8ce780000 - 0x00007ff8ce80d000 	C:\Program Files\Java\jdk-26\bin\msvcp140.dll
0x00007ff8307f0000 - 0x00007ff8316be000 	C:\Program Files\Java\jdk-26\bin\server\jvm.dll
0x00007ff8fe150000 - 0x00007ff8fe206000 	C:\WINDOWS\System32\ADVAPI32.dll
0x00007ff8fccd0000 - 0x00007ff8fcd7a000 	C:\WINDOWS\System32\sechost.dll
0x00007ff8fe290000 - 0x00007ff8fe3a8000 	C:\WINDOWS\System32\RPCRT4.dll
0x00007ff8fd670000 - 0x00007ff8fd6f0000 	C:\WINDOWS\System32\WS2_32.dll
0x00007ff8fbd90000 - 0x00007ff8fbdee000 	C:\WINDOWS\SYSTEM32\POWRPROF.dll
0x00007ff8ee8d0000 - 0x00007ff8ee906000 	C:\WINDOWS\SYSTEM32\WINMM.dll
0x00007ff8ee0e0000 - 0x00007ff8ee0eb000 	C:\WINDOWS\SYSTEM32\VERSION.dll
0x00007ff8fbd70000 - 0x00007ff8fbd84000 	C:\WINDOWS\SYSTEM32\UMPDC.dll
0x00007ff8fac60000 - 0x00007ff8fac7b000 	C:\WINDOWS\SYSTEM32\kernel.appcore.dll
0x00007ff8f5c30000 - 0x00007ff8f5c3a000 	C:\Program Files\Java\jdk-26\bin\jimage.dll
0x00007ff8f9760000 - 0x00007ff8f99a2000 	C:\WINDOWS\SYSTEM32\DBGHELP.DLL
0x00007ff8fd210000 - 0x00007ff8fd593000 	C:\WINDOWS\System32\combase.dll
0x00007ff8fca80000 - 0x00007ff8fcb59000 	C:\WINDOWS\System32\OLEAUT32.dll
0x00007ff8d88f0000 - 0x00007ff8d892b000 	C:\WINDOWS\SYSTEM32\dbgcore.DLL
0x00007ff8fc800000 - 0x00007ff8fc8a8000 	C:\WINDOWS\System32\bcryptPrimitives.dll
0x00007ff8f0f30000 - 0x00007ff8f0f4f000 	C:\Program Files\Java\jdk-26\bin\java.dll
0x00007ff8fcea0000 - 0x00007ff8fd038000 	C:\WINDOWS\System32\ole32.dll
0x00007ff8fd9c0000 - 0x00007ff8fe144000 	C:\WINDOWS\System32\SHELL32.dll
0x00007ff8f9aa0000 - 0x00007ff8fa320000 	C:\WINDOWS\SYSTEM32\windows.storage.dll
0x00007ff8fe5c0000 - 0x00007ff8fe6b6000 	C:\WINDOWS\System32\SHCORE.dll
0x00007ff8fe210000 - 0x00007ff8fe277000 	C:\WINDOWS\System32\shlwapi.dll
0x00007ff8fbe30000 - 0x00007ff8fbe59000 	C:\WINDOWS\SYSTEM32\profapi.dll
0x00007ff8e7790000 - 0x00007ff8e77a2000 	C:\Program Files\Java\jdk-26\bin\net.dll
0x00007ff8fb1b0000 - 0x00007ff8fb21c000 	C:\WINDOWS\system32\mswsock.dll
0x00007ff8e75b0000 - 0x00007ff8e75c6000 	C:\Program Files\Java\jdk-26\bin\nio.dll
0x00007ff8e7120000 - 0x00007ff8e7137000 	C:\Program Files\Java\jdk-26\bin\zip.dll

JVMTI agents: none

dbghelp: loaded successfully - version: 4.0.5 - missing functions: none
symbol engine: initialized successfully - sym options: 0x614 - pdb path: .;C:\Program Files\Java\jdk-26\bin;C:\WINDOWS\SYSTEM32;C:\WINDOWS\WinSxS\amd64_microsoft.windows.common-controls_6595b64144ccf1df_6.0.26100.8521_none_3e08b75ce33403b3;C:\Program Files\Java\jdk-26\bin\server

VM Arguments:
jvm_args: -Dfile.encoding=UTF-8 
java_command: ui.InterfaceGraphique3
java_class_path (initial): C:\Users\PAVILION HP\OneDrive\Pictures\Documents\GitHub\Gestion-Moyenne\bin;C:\Users\PAVILION HP\OneDrive\Pictures\Documents\GitHub\Gestion-Moyenne\include\poi-bin-5.2.3\poi-5.2.3.jar;C:\Users\PAVILION HP\OneDrive\Pictures\Documents\GitHub\Gestion-Moyenne\include\poi-bin-5.2.3\poi-examples-5.2.3.jar;C:\Users\PAVILION HP\OneDrive\Pictures\Documents\GitHub\Gestion-Moyenne\include\poi-bin-5.2.3\poi-excelant-5.2.3.jar;C:\Users\PAVILION HP\OneDrive\Pictures\Documents\GitHub\Gestion-Moyenne\include\poi-bin-5.2.3\poi-javadoc-5.2.3.jar;C:\Users\PAVILION HP\OneDrive\Pictures\Documents\GitHub\Gestion-Moyenne\include\poi-bin-5.2.3\poi-ooxml-5.2.3.jar;C:\Users\PAVILION HP\OneDrive\Pictures\Documents\GitHub\Gestion-Moyenne\include\poi-bin-5.2.3\poi-ooxml-full-5.2.3.jar;C:\Users\PAVILION HP\OneDrive\Pictures\Documents\GitHub\Gestion-Moyenne\include\poi-bin-5.2.3\poi-ooxml-lite-5.2.3.jar;C:\Users\PAVILION HP\OneDrive\Pictures\Documents\GitHub\Gestion-Moyenne\include\poi-bin-5.2.3\poi-scratchpad-5.2.3.jar;C:\Users\PAVILION HP\OneDrive\Pictures\Documents\GitHub\Gestion-Moyenne\include\com.google.gson_2.12.1.jar;C:\Users\PAVILION HP\OneDrive\Pictures\Documents\GitHub\Gestion-Moyenne\include\iText-4.2.0.jar;C:\Users\PAVILION HP\OneDrive\Pictures\Documents\GitHub\Gestion-Moyenne\include\openpdf-1.3.26-javadoc.jar;C:\Users\PAVILION HP\OneDrive\Pictures\Documents\GitHub\Gestion-Moyenne\include\poi-bin-5.2.3\auxiliary\batik-anim-1.14.jar;C:\Users\PAVILION HP\OneDrive\Pictures\Documents\GitHub\Gestion-Moyenne\include\poi-bin-5.2.3\auxiliary\batik-awt-util-1.14.jar;C:\Users\PAVILION HP\OneDrive\Pictures\Documents\GitHub\Gestion-Moyenne\include\poi-bin-5.2.3\auxiliary\batik-bridge-1.14.jar;C:\Users\PAVILION HP\OneDrive\Pictures\Documents\GitHub\Gestion-Moyenne\include\poi-bin-5.2.3\auxiliary\batik-codec-1.14.jar;C:\Users\PAVILION HP\OneDrive\Pictures\Documents\GitHub\Gestion-Moyenne\include\poi-bin-5.2.3\auxiliary\batik-constants-1.14.jar;C:\Users\PAVILION HP\OneDrive\Pictures\Documents\GitHub\Gestion-Moyenne\include\poi-bin-5.2.3\auxiliary\batik-css-1.14.jar;C:\Users\PAVILION HP\OneDrive\Pictures\Documents\GitHub\Gestion-Moyenne\include\poi-bin-5.2.3\auxiliary\batik-dom-1.14.jar;C:\Users\PAVILION HP\OneDrive\Pictures\Documents\GitHub\Gestion-Moyenne\include\poi-bin-5.2.3\auxiliary\batik-ext-1.14.jar;C:\Users\PAVILION HP\OneDrive\Pictures\Documents\GitHub\Gestion-Moyenne\include\poi-bin-5.2.3\auxiliary\batik-gvt-1.14.jar;C:\Users\PAVILION HP\OneDrive\Pictures\Documents\GitHub\Gestion-Moyenne\include\poi-bin-5.2.3\auxiliary\batik-i18n-1.14.jar;C:\Users\PAVILION HP\OneDrive\Pictures\Documents\GitHub\Gestion-Moyenne\include\poi-bin-5.2.3\auxiliary\batik-parser-1.14.jar;C:\Users\PAVILION HP\OneDrive\Pictures\Documents\GitHub\Gestion-Moyenne\include\poi-bin-5.2.3\auxiliary\batik-script-1.14.jar;C:\Users\PAVILION HP\OneDrive\Pictures\Documents\GitHub\Gestion-Moyenne\include\poi-bin-5.2.3\auxiliary\batik-shared-resources-1.14.jar;C:\Users\PAVILION HP\OneDrive\Pictures\Documents\GitHub\Gestion-Moyenne\include\poi-bin-5.2.3\auxiliary\batik-svg-dom-1.14.jar;C:\Users\PAVILION HP\OneDrive\Pictures\Documents\GitHub\Gestion-Moyenne\include\poi-bin-5.2.3\auxiliary\batik-svggen-1.14.jar;C:\Users\PAVILION HP\OneDrive\Pictures\Documents\GitHub\Gestion-Moyenne\include\poi-bin-5.2.3\auxiliary\batik-svgrasterizer-1.14.jar;C:\Users\PAVILION HP\OneDrive\Pictures\Documents\GitHub\Gestion-Moyenne\include\poi-bin-5.2.3\auxiliary\batik-transcoder-1.14.jar;C:\Users\PAVILION HP\OneDrive\Pictures\Documents\GitHub\Gestion-Moyenne\include\poi-bin-5.2.3\auxiliary\batik-util-1.14.jar;C:\Users\PAVILION HP\OneDrive\Pictures\Documents\GitHub\Gestion-Moyenne\include\poi-bin-5.2.3\auxiliary\batik-xml-1.14.jar;C:\Users\PAVILION HP\OneDrive\Pictures\Documents\GitHub\Gestion-Moyenne\include\poi-bin-5.2.3\auxiliary\bcpkix-jdk15on-1.70.jar;C:\Users\PAVILION HP\OneDrive\Pictures\Documents\GitHub\Gestion-Moyenne\include\poi-bin-5.2.3\auxiliary\bcprov-jdk15on-1.70.jar;C:\Users\PAVILION HP\OneDrive\Pictures\Documents\GitHub\Gestion-Moyenne\include\poi-bin-5.2.3\auxiliary\bcutil-jdk15on-1.70.jar;C:\Users\PAVILION HP\OneDrive\Pictures\Documents\GitHub\Gestion-Moyenne\include\poi-bin-5.2.3\auxiliary\fontbox-2.0.26.jar;C:\Users\PAVILION HP\OneDrive\Pictures\Documents\GitHub\Gestion-Moyenne\include\poi-bin-5.2.3\auxiliary\graphics2d-0.40.jar;C:\Users\PAVILION HP\OneDrive\Pictures\Documents\GitHub\Gestion-Moyenne\include\poi-bin-5.2.3\auxiliary\pdfbox-2.0.26.jar;C:\Users\PAVILION HP\OneDrive\Pictures\Documents\GitHub\Gestion-Moyenne\include\poi-bin-5.2.3\auxiliary\xml-apis-1.4.01.jar;C:\Users\PAVILION HP\OneDrive\Pictures\Documents\GitHub\Gestion-Moyenne\include\poi-bin-5.2.3\auxiliary\xml-apis-ext-1.3.04.jar;C:\Users\PAVILION HP\OneDrive\Pictures\Documents\GitHub\Gestion-Moyenne\include\poi-bin-5.2.3\auxiliary\xmlgraphics-commons-2.6.jar;C:\Users\PAVILION HP\OneDrive\Pictures\Documents\GitHub\Gestion-Moyenne\include\poi-bin-5.2.3\auxiliary\xmlsec-3.0.0.jar;C:\Users\PAVILION HP\OneDrive\Pictures\Documents\GitHub\Gestion-Moyenne\include\poi-bin-5.2.3\lib\commons-codec-1.15.jar;C:\Users\PAVILION HP\OneDrive\Pictures\Documents\GitHub\Gestion-Moyenne\include\poi-bin-5.2.3\lib\commons-collections4-4.4.jar;C:\Users\PAVILION HP\OneDrive\Pictures\Documents\GitHub\Gestion-Moyenne\include\poi-bin-5.2.3\lib\commons-io-2.11.0.jar;C:\Users\PAVILION HP\OneDrive\Pictures\Documents\GitHub\Gestion-Moyenne\include\poi-bin-5.2.3\lib\commons-math3-3.6.1.jar;C:\Users\PAVILION HP\OneDrive\Pictures\Documents\GitHub\Gestion-Moyenne\include\poi-bin-5.2.3\lib\log4j-api-2.18.0.jar;C:\Users\PAVILION HP\OneDrive\Pictures\Documents\GitHub\Gestion-Moyenne\include\poi-bin-5.2.3\lib\SparseBitSet-1.2.jar;C:\Users\PAVILION HP\OneDrive\Pictures\Documents\GitHub\Gestion-Moyenne\include\poi-bin-5.2.3\lib\xmlbeans-5.1.1.jar;C:\Users\PAVILION HP\OneDrive\Pictures\Documents\GitHub\Gestion-Moyenne\include\poi-bin-5.2.3\ooxml-lib\commons-compress-1.21.jar;C:\Users\PAVILION HP\OneDrive\Pictures\Documents\GitHub\Gestion-Moyenne\include\poi-bin-5.2.3\ooxml-lib\commons-logging-1.2.jar;C:\Users\PAVILION HP\OneDrive\Pictures\Documents\GitHub\Gestion-Moyenne\include\poi-bin-5.2.3\ooxml-lib\curvesapi-1.07.jar;C:\Users\PAVILION HP\OneDrive\Pictures\Documents\GitHub\Gestion-Moyenne\include\poi-bin-5.2.3\ooxml-lib\jakarta.activation-2.0.1.jar;C:\Users\PAVILION HP\OneDrive\Pictures\Documents\GitHub\Gestion-Moyenne\include\poi-bin-5.2.3\ooxml-lib\jakarta.xml.bind-api-3.0.1.jar;C:\Users\PAVILION HP\OneDrive\Pictures\Documents\GitHub\Gestion-Moyenne\include\poi-bin-5.2.3\ooxml-lib\slf4j-api-1.7.36.jar
Launcher Type: SUN_STANDARD

[Global flags]
     bool AOTAdapterCaching                        = false                                  {diagnostic} {ergonomic}
     bool AOTInvokeDynamicLinking                  = false                                  {diagnostic} {ergonomic}
     bool AOTRecordTraining                        = false                                  {diagnostic} {ergonomic}
     bool AOTReplayTraining                        = false                                  {diagnostic} {ergonomic}
     bool AOTStubCaching                           = false                                  {diagnostic} {ergonomic}
     intx CICompilerCount                          = 4                                         {product} {ergonomic}
     uint ConcGCThreads                            = 3                                         {product} {ergonomic}
     uint G1ConcRefinementThreads                  = 10                                        {product} {ergonomic}
     uint G1EagerReclaimRemSetThreshold            = 16                                   {experimental} {ergonomic}
   size_t G1HeapRegionSize                         = 2097152                                   {product} {ergonomic}
     uint G1RemSetArrayOfCardsEntries              = 16                                   {experimental} {ergonomic}
     uint G1RemSetHowlMaxNumBuckets                = 8                                    {experimental} {ergonomic}
     uint G1RemSetHowlNumBuckets                   = 8                                    {experimental} {ergonomic}
   size_t InitialHeapSize                          = 8388608                                   {product} {ergonomic}
     bool IntelJccErratumMitigation                = false                             {ARCH diagnostic} {ergonomic}
   size_t MarkStackSize                            = 4194304                                   {product} {ergonomic}
   size_t MarkStackSizeMax                         = 536870912                                 {product} {ergonomic}
   size_t MaxHeapSize                              = 4202692608                                {product} {ergonomic}
   size_t MaxNewSize                               = 2520776704                                {product} {ergonomic}
 uint64_t MaxRAM                                   = 16803213312                               {product} {ergonomic}
   size_t MinHeapDeltaBytes                        = 2097152                                   {product} {ergonomic}
   size_t MinHeapSize                              = 8388608                                   {product} {ergonomic}
   size_t NonNMethodCodeHeapSize                   = 5832704                                {pd product} {ergonomic}
   size_t NonProfiledCodeHeapSize                  = 122945536                              {pd product} {ergonomic}
   size_t ProfiledCodeHeapSize                     = 122880000                              {pd product} {ergonomic}
   size_t ReservedCodeCacheSize                    = 251658240                              {pd product} {ergonomic}
     bool SegmentedCodeCache                       = true                                      {product} {ergonomic}
   size_t SoftMaxHeapSize                          = 4202692608                             {manageable} {ergonomic}
     bool UseCompressedOops                        = true                           {product lp64_product} {ergonomic}
     bool UseCondCardMark                          = true                                      {product} {ergonomic}
     bool UseFastUnorderedTimeStamps               = true                                 {experimental} {ergonomic}
     bool UseG1GC                                  = true                                      {product} {ergonomic}
     bool UseLargePagesIndividualAllocation        = false                                  {pd product} {ergonomic}
      int X86ICacheSync                            = 3                                 {ARCH diagnostic} {ergonomic}

Logging:
Log output configuration:
 #0: stdout all=warning uptime,level,tags foldmultilines=false
 #1: stderr all=off uptime,level,tags foldmultilines=false

Release file:
IMPLEMENTOR="Oracle Corporation" 
JAVA_RUNTIME_VERSION="26+35-2893" 
JAVA_VERSION="26" 
JAVA_VERSION_DATE="2026-03-17" 
LIBC="default" 
MODULES="java.base java.compiler java.datatransfer java.xml java.prefs java.desktop java.instrument java.logging java.management java.security.sasl java.naming java.rmi java.management.rmi java.net.http java.scripting java.security.jgss java.transaction.xa java.sql java.sql.rowset java.xml.crypto java.se java.smartcardio jdk.accessibility jdk.internal.jvmstat jdk.attach jdk.charsets jdk.internal.opt jdk.zipfs jdk.compiler jdk.crypto.cryptoki jdk.crypto.ec jdk.crypto.mscapi jdk.dynalink jdk.internal.ed jdk.editpad jdk.internal.vm.ci jdk.graal.compiler jdk.graal.compiler.management jdk.hotspot.agent jdk.httpserver jdk.incubator.vector jdk.internal.le jdk.internal.md jdk.jartool jdk.javadoc jdk.jcmd jdk.management jdk.management.agent jdk.jconsole jdk.jdeps jdk.jdwp.agent jdk.jdi jdk.jfr jdk.jlink jdk.jpackage jdk.jshell jdk.jstatd jdk.localedata jdk.management.jfr jdk.naming.dns jdk.naming.rmi jdk.net jdk.nio.mapmode jdk.sctp jdk.security.auth jdk.security.jgss jdk.unsupported jdk.unsupported.desktop jdk.xml.dom" 
OS_ARCH="x86_64" 
OS_NAME="Windows" 
SOURCE=".:git:1327d96f3b3c open:git:4408cd2a07a1" 

Environment Variables:
PATH=C:\Program Files\Common Files\Oracle\Java\javapath;C:\Program Files (x86)\Common Files\Oracle\Java\javapath;C:\Program Files (x86)\ActiveState Komodo IDE 11\;C:\WINDOWS\system32;C:\WINDOWS;C:\WINDOWS\System32\Wbem;C:\WINDOWS\System32\WindowsPowerShell\v1.0\;C:\WINDOWS\System32\OpenSSH\;C:\Program Files\nodejs\;C:\JupyterLab;C:\Program Files\MiKTeX\miktex\bin\x64\;C:\Program Files\Nouveau dossier (2)miktex\miktex\bin\x64\;C:\Program Files\Nouveau dossier (2)mikmik\miktex\bin\x64\;C:\Program Files\GitHub CLI\;C:\Program Files\Docker\Docker\resources\bin;C:\Program Files\Git\cmd;C:\Users\PAVILION HP\AppData\Local\Programs\Python\Launcher\;C:\Users\PAVILION HP\AppData\Local\Microsoft\WindowsApps;C:\Users\PAVILION HP\AppData\Local\Programs\Microsoft VS Code\bin;C:\Users\PAVILION HP\AppData\Roaming\npm;C:\Users\PAVILION HP\AppData\Local\Programs\MiKTeX\miktex\bin\x64\;C:\Users\PAVILION HP\OneDrive\Desktop\EXO;C:\Users\PAVILION HP\Downloads\php-8.4.3-nts-Win32-vs17-x64;C:\MinGW\bin;C:\Users\PAVILION HP\AppData\Local\GitHubDesktop\bin;C:\Users\PAVILION HP\AppData\Local\Programs\Warp\bin;
USERNAME=PAVILION HP
OS=Windows_NT
PROCESSOR_IDENTIFIER=Intel64 Family 6 Model 186 Stepping 3, GenuineIntel
TMP=C:\Users\PAVILI~1\AppData\Local\Temp
TEMP=C:\Users\PAVILI~1\AppData\Local\Temp




Compilation memory statistics disabled.

Periodic native trim disabled

---------------  S Y S T E M  ---------------

OS:
 Windows 11 , 64 bit Build 26100 (10.0.26100.8521)
OS uptime: 1 days 0:25 hours
Hyper-V role detected

CPU: total 12 (initial active 12) (hybrid) family 6 model 186 stepping 3 microcode 0x4114, cx8, cmov, fxsr, ht, mmx, 3dnowpref, sse, sse2, sse3, ssse3, sse4.1, sse4.2, popcnt, lzcnt, tsc, tscinvbit, avx, avx2, aes, erms, clmul, bmi1, bmi2, adx, sha, fma, vzeroupper, clflush, clflushopt, clwb, hv, serialize, rdtscp, rdpid, fsrm, gfni, f16c, cet_ibt, cet_ss, hybrid
Processor Information for processor 0
  Max Mhz: 1300, Current Mhz: 1300, Mhz Limit: 1300
Processor Information for processor 1
  Max Mhz: 1300, Current Mhz: 1300, Mhz Limit: 1300
Processor Information for processor 2
  Max Mhz: 1300, Current Mhz: 1300, Mhz Limit: 1300
Processor Information for processor 3
  Max Mhz: 1300, Current Mhz: 1300, Mhz Limit: 1300
Processor Information for processor 4
  Max Mhz: 1300, Current Mhz: 900, Mhz Limit: 897
Processor Information for processor 5
  Max Mhz: 1300, Current Mhz: 900, Mhz Limit: 897
Processor Information for processor 6
  Max Mhz: 1300, Current Mhz: 900, Mhz Limit: 897
Processor Information for processor 7
  Max Mhz: 1300, Current Mhz: 900, Mhz Limit: 897
Processor Information for processor 8
  Max Mhz: 1300, Current Mhz: 900, Mhz Limit: 897
Processor Information for processor 9
  Max Mhz: 1300, Current Mhz: 900, Mhz Limit: 897
Processor Information for processor 10
  Max Mhz: 1300, Current Mhz: 900, Mhz Limit: 897
Processor Information for processor 11
  Max Mhz: 1300, Current Mhz: 900, Mhz Limit: 897

Memory: 4k page, system-wide physical 16024M (4656M free)
TotalPageFile size 16024M (AvailPageFile size 35M)
current process WorkingSet (physical memory assigned to process): 53M, peak: 53M
current process commit charge ("private bytes"): 100M, peak: 128M

vm_info: Java HotSpot(TM) 64-Bit Server VM (26+35-2893) for windows-amd64 JRE (26+35-2893), built on 2026-02-12T17:04:02Z with MS VC++ 17.13 (VS2022)

END.
